// Jest Snapshot v1, https://goo.gl/fbAQLP

exports[`Testing with renders renders with loading 1`] = `
<div>
  <h1>
    Submitting...
  </h1>
</div>
`;
